Microchip MPLAB XC8 Compiler V2.45

Linker command line:

-W-3 \
  --edf=C:\Program Files\Microchip\xc8\v2.45\pic\dat\20230818022343_en.msgs \
  -cn -h+dist/default/production\CAR_BLACK_BOX_SIMULATION.X.production.sym \
  --cmf=dist/default/production\CAR_BLACK_BOX_SIMULATION.X.production.cmf \
  -z -Q18F4580 \
  -oC:\Users\WINDOW~1\AppData\Local\Temp\xcAs81c.\driver_tmp_3.o \
  --defsym=__MPLAB_BUILD=1 --fixupoverflow=error \
  -Mdist/default/production/CAR_BLACK_BOX_SIMULATION.X.production.map \
  --md=C:\Users\WINDOW~1\AppData\Local\Temp\xcAs81c.\driver_tmp_0.dat -E1 \
  -ver=XC8 Compiler --acfsm=1493 -ACODE=00h-07FFFh -ACONST=00h-07FFFh \
  -ASMALLCONST=0600h-06FFhx122 -AMEDIUMCONST=0600h-07FFFh -ACOMRAM=01h-05Fh \
  -AABS1=00h-05FFh -ABIGRAM=01h-05FFh -ARAM=060h-0FFh,0100h-01FFhx5 \
  -ABANK0=060h-0FFh -ABANK1=0100h-01FFh -ABANK2=0200h-02FFh \
  -ABANK3=0300h-03FFh -ABANK4=0400h-04FFh -ABANK5=0500h-05FFh \
  -ASFR=0D00h-0DFFhx2,0F00h-0F5Fh,0F60h-0FFFh -ABIGSFR=0D00h-0FFFh \
  -ACONFIG=0300000h-030000Dh -AIDLOC=0200000h-0200007h \
  -AEEDATA=0F00000h-0F000FFh -peeprom_data=EEDATA \
  -preset_vec=00h,intcode=08h,intcodelo,powerup,init -pramtop=0600h \
  -psmallconst=SMALLCONST -pmediumconst=MEDIUMCONST -pconst=CONST \
  -AFARRAM=00h-00h \
  -prdata=COMRAM,nvrram=COMRAM,nvbit=COMRAM,rbss=COMRAM,rbit=COMRAM \
  -pfarbss=FARRAM,fardata=FARRAM,nvFARRAM=FARRAM \
  -pintsave_regs=BIGRAM,bigbss=BIGRAM,bigdata=BIGRAM -pbss=RAM \
  -pidata=CODE,irdata=CODE,ibigdata=CODE,ifardata=CODE -prparam=COMRAM \
  C:\Users\WINDOW~1\AppData\Local\Temp\xcAs81c.\driver_tmp_9.o \
  dist/default/production\CAR_BLACK_BOX_SIMULATION.X.production.o 

Object code version is 3.11

Machine type is 18F4580



                Name                               Link     Load   Length Selector   Space Scale
C:\Users\WINDOW~1\AppData\Local\Temp\xcAs81c.\driver_tmp_9.o
                idloc                            200000   200000        8        0       5
                config                           300000   300000        E        0       4
                init                                  E        E        4        4       0
                reset_vec                             0        0        4        0       0
dist/default/production\CAR_BLACK_BOX_SIMULATION.X.production.o
                intcode                               8        8        6        4       0
                idloc                            200000   200000        8        0       5
                config                           300000   300000        E        0       4
                temp                                 58       58        1        1       1
                mediumconst                        7EA8     7EA8      158     3F54       0
                intcode_body                       212C     212C       8E        4       0
                text32                             25EE     25EE       32        4       0
                text31                             25B6     25B6       38        4       0
                text30                             21BA     21BA       84        4       0
                text29                             2620     2620       30        4       0
                text28                              F7A      F7A      344        4       0
                text27                             22BC     22BC       7E        4       0
                text26                              BE0      BE0      39A        4       0
                text25                             1F8A     1F8A      106        4       0
                text24                             23B4     23B4       74        4       0
                text23                             2428     2428       64        4       0
                text22                             1A8A     1A8A      1B4        4       0
                text21                             2532     2532       46        4       0
                text20                             2650     2650       26        4       0
                text19                             271A     271A       12        4       0
                text18                             24EA     24EA       48        4       0
                text17                             1D6C     1D6C      118        4       0
                text16                              45A      45A      3E2        4       0
                text15                             1E84     1E84      106        4       0
                text14                             233A     233A       7A        4       0
                text13                             12BE     12BE      2E2        4       0
                text12                             26F2     26F2       16        4       0
                text11                             248C     248C       5E        4       0
                text10                             2708     2708       12        4       0
                text9                              1872     1872      218        4       0
                text8                              26BC     26BC       20        4       0
                text7                              269A     269A       22        4       0
                text6                              272C     272C        6        4       0
                text5                              26DC     26DC       16        4       0
                text4                              2578     2578       3E        4       0
                text3                               83C      83C      3A4        4       0
                text2                                12       12      448        4       0
                text1                              15A0     15A0      2D2        4       0
                text0                              1C3E     1C3E      12E        4       0
                cstackCOMRAM                          1        1       38        1       1
                dataBANK1                           100      100       9C      100       1
                dataBANK0                            BF       BF       24       60       1
                bssBANK0                             60       60       5F       60       1
                dataCOMRAM                           56       56        2        1       1
                bssCOMRAM                            39       39       1D        1       1
                cinit                              223E     223E       7E        4       0
                idataBANK1                         2090     2090       9C        4       0
                idataBANK0                         2676     2676       24        4       0
                idataCOMRAM                        2732     2732        2        4       0

TOTAL           Name                               Link     Load   Length     Space
        CLASS   CODE           
                intcode                               8        8        6         0
                init                                  E        E        4         0
                reset_vec                             0        0        4         0
                intcode_body                       212C     212C       8E         0
                text32                             25EE     25EE       32         0
                text31                             25B6     25B6       38         0
                text30                             21BA     21BA       84         0
                text29                             2620     2620       30         0
                text28                              F7A      F7A      344         0
                text27                             22BC     22BC       7E         0
                text26                              BE0      BE0      39A         0
                text25                             1F8A     1F8A      106         0
                text24                             23B4     23B4       74         0
                text23                             2428     2428       64         0
                text22                             1A8A     1A8A      1B4         0
                text21                             2532     2532       46         0
                text20                             2650     2650       26         0
                text19                             271A     271A       12         0
                text18                             24EA     24EA       48         0
                text17                             1D6C     1D6C      118         0
                text16                              45A      45A      3E2         0
                text15                             1E84     1E84      106         0
                text14                             233A     233A       7A         0
                text13                             12BE     12BE      2E2         0
                text12                             26F2     26F2       16         0
                text11                             248C     248C       5E         0
                text10                             2708     2708       12         0
                text9                              1872     1872      218         0
                text8                              26BC     26BC       20         0
                text7                              269A     269A       22         0
                text6                              272C     272C        6         0
                text5                              26DC     26DC       16         0
                text4                              2578     2578       3E         0
                text3                               83C      83C      3A4         0
                text2                                12       12      448         0
                text1                              15A0     15A0      2D2         0
                text0                              1C3E     1C3E      12E         0
                cinit                              223E     223E       7E         0
                idataBANK1                         2090     2090       9C         0
                idataBANK0                         2676     2676       24         0
                idataCOMRAM                        2732     2732        2         0

        CLASS   CONST          

        CLASS   SMALLCONST     

        CLASS   MEDIUMCONST    
                mediumconst                        7EA8     7EA8      158         0

        CLASS   COMRAM         
                temp                                 58       58        1         1
                cstackCOMRAM                          1        1       38         1
                dataCOMRAM                           56       56        2         1
                bssCOMRAM                            39       39       1D         1

        CLASS   ABS1           

        CLASS   BIGRAM         

        CLASS   RAM            

        CLASS   BANK0          
                dataBANK0                            BF       BF       24         1
                bssBANK0                             60       60       5F         1

        CLASS   BANK1          
                dataBANK1                           100      100       9C         1

        CLASS   BANK2          

        CLASS   BANK3          

        CLASS   BANK4          

        CLASS   BANK5          

        CLASS   SFR            

        CLASS   BIGSFR         

        CLASS   CONFIG         
                config                           300000   300000        E         4

        CLASS   IDLOC          
                idloc                            200000   200000        8         5

        CLASS   EEDATA         

        CLASS   FARRAM         

        CLASS   HEAP           

        CLASS   STACK          



SEGMENTS        Name                           Load    Length   Top    Selector   Space  Class

                reset_vec                      000000  000004  000004         0       0  CODE    
                cstackCOMRAM                   000001  000058  000059         1       1  COMRAM  
                intcode                        000008  00272C  002734         4       0  CODE    
                bssBANK0                       000060  000083  0000E3        60       1  BANK0   
                dataBANK1                      000100  00009C  00019C       100       1  BANK1   
                mediumconst                    007EA8  000158  008000      3F54       0  MEDIUMCO


UNUSED ADDRESS RANGES

        Name                Unused          Largest block    Delta
        BANK0            0000E3-0000FF               1D
        BANK1            00019C-0001FF               64
        BANK2            000200-0002FF              100
        BANK3            000300-0003FF              100
        BANK4            000400-0004FF              100
        BANK5            000500-0005FF              100
        BIGRAM           000059-00005F                7
                         0000E3-0000FF               1D
                         00019C-0005FF              464
        BIGSFR           000D00-000FFF              300
        CODE             000004-000007                4
                         002734-007EA7             5774
        COMRAM           000059-00005F                7
        CONST            000004-000007                4
                         002734-007EA7             5774
        EEDATA           F00000-F000FF              100
        MEDIUMCONST      002734-007EA7             5774
        RAM              0000E3-0000FF               1D
                         00019C-0005FF              100
        SFR              000D00-000FFF              100
        SMALLCONST       002734-007EA7              100

                                  Symbol Table

?___fldiv                      cstackCOMRAM 000016
?___fltol                      cstackCOMRAM 00002F
?___lwdiv                      cstackCOMRAM 000001
?___lwmod                      cstackCOMRAM 000001
?___wmul                       cstackCOMRAM 000001
?___xxtofl                     cstackCOMRAM 000008
?_read_adc                     cstackCOMRAM 000001
_ACQT0                         (abs)        007E03
_ACQT1                         (abs)        007E04
_ACQT2                         (abs)        007E05
_ADCON0                        (abs)        000FC2
_ADCS0                         (abs)        007E00
_ADCS1                         (abs)        007E01
_ADCS2                         (abs)        007E02
_ADFM                          (abs)        007E07
_ADON                          (abs)        007E10
_ADRESH                        (abs)        000FC4
_ADRESL                        (abs)        000FC3
_ARROW                         bssCOMRAM    00003D
_BLINK                         bssBANK0     000098
_EEADR                         (abs)        000FA9
_EECON1bits                    (abs)        000FA6
_EECON2                        (abs)        000FA7
_EEDATA                        (abs)        000FA8
_EF                            bssBANK0     0000B0
_EI                            bssBANK0     0000AF
_ER                            bssBANK0     0000B2
_Event                         bssBANK0     0000A0
_FILED                         bssCOMRAM    000041
_GIE                           (abs)        007F97
_GO                            (abs)        007E11
_GODONE                        (abs)        007E11
_M                             bssBANK0     0000A8
_MENU_FLAG                     bssCOMRAM    00004D
_M_index                       bssCOMRAM    00003F
_NEW_KEY                       bssCOMRAM    000052
_PEIE                          (abs)        007F96
_PIR2bits                      (abs)        000FA1
_PORTBbits                     (abs)        000F81
_PORTD                         (abs)        000F83
_PSA                           (abs)        007EAB
_RC0                           (abs)        007C10
_RC1                           (abs)        007C11
_RC5                           (abs)        007C15
_RCIF                          (abs)        007CF5
_RCREG                         (abs)        000FAE
_RCSTA                         (abs)        000FAB
_SCREEN_FLAG                   bssCOMRAM    00004F
_SPBRG                         (abs)        000FAF
_T08BIT                        (abs)        007EAE
_T0CS                          (abs)        007EAD
_TMR0                          (abs)        000FD6
_TMR0IE                        (abs)        007F95
_TMR0IF                        (abs)        007F92
_TMR0ON                        (abs)        007EAF
_TRISB                         (abs)        000F93
_TRISC                         (abs)        000F94
_TRISCbits                     (abs)        000F94
_TRISD                         (abs)        000F95
_TXIF                          (abs)        007CF4
_TXREG                         (abs)        000FAD
_TXSTA                         (abs)        000FAC
_VCFG0                         (abs)        007E0C
_VCFG1                         (abs)        007E0D
__HRAM                         (abs)        000000
__H__absolute__                __absolute__ 000000
__Habs1                        abs1         000000
__Hbank0                       bank0        000000
__Hbank1                       bank1        000000
__Hbank2                       bank2        000000
__Hbank3                       bank3        000000
__Hbank4                       bank4        000000
__Hbank5                       bank5        000000
__Hbigbss                      bigbss       000000
__Hbigdata                     bigdata      000000
__Hbigram                      bigram       000000
__Hbigsfr                      bigsfr       000000
__Hbss                         bss          000000
__HbssBANK0                    bssBANK0     000000
__HbssCOMRAM                   bssCOMRAM    000000
__Hcinit                       cinit        000000
__Hclrtext                     clrtext      000000
__Hcomram                      comram       000000
__Hconfig                      config       30000E
__Hconst                       const        000000
__HcstackCOMRAM                cstackCOMRAM 000000
__Hdata                        data         000000
__HdataBANK0                   dataBANK0    000000
__HdataBANK1                   dataBANK1    000000
__HdataCOMRAM                  dataCOMRAM   000000
__Heeprom_data                 eeprom_data  000000
__Hfarbss                      farbss       000000
__Hfardata                     fardata      000000
__Hheap                        heap         000000
__Hibigdata                    ibigdata     000000
__Hidata                       idata        000000
__HidataBANK0                  idataBANK0   000000
__HidataBANK1                  idataBANK1   000000
__HidataCOMRAM                 idataCOMRAM  000000
__Hidloc                       idloc        200008
__Hifardata                    ifardata     000000
__Hinit                        init         000012
__Hintcode                     intcode      00000E
__Hintcode_body                intcode_body 000000
__Hintcodelo                   intcodelo    00000E
__Hintentry                    intentry     000000
__Hintret                      intret       000000
__Hintsave_regs                intsave_regs 000000
__Hirdata                      irdata       000000
__Hmediumconst                 mediumconst  008000
__HnvFARRAM                    nvFARRAM     000000
__Hnvbit                       nvbit        000000
__Hnvrram                      nvrram       000000
__Hparam                       rparam       000000
__Hpowerup                     powerup      00000E
__Hram                         ram          000000
__Hramtop                      ramtop       000600
__Hrbit                        rbit         000000
__Hrbss                        rbss         000000
__Hrdata                       rdata        000000
__Hreset_vec                   reset_vec    000004
__Hrparam                      rparam       000000
__Hsfr                         sfr          000000
__Hsmallconst                  smallconst   000000
__Hspace_0                     (abs)        008000
__Hspace_1                     (abs)        00019C
__Hspace_2                     (abs)        000000
__Hspace_4                     (abs)        60000E
__Hstack                       stack        000000
__Hstruct                      struct       000000
__Htemp                        temp         000059
__Htext                        text         000000
__Htext0                       text0        000000
__Htext1                       text1        000000
__Htext10                      text10       000000
__Htext11                      text11       000000
__Htext12                      text12       000000
__Htext13                      text13       000000
__Htext14                      text14       000000
__Htext15                      text15       000000
__Htext16                      text16       000000
__Htext17                      text17       000000
__Htext18                      text18       000000
__Htext19                      text19       000000
__Htext2                       text2        000000
__Htext20                      text20       000000
__Htext21                      text21       000000
__Htext22                      text22       000000
__Htext23                      text23       000000
__Htext24                      text24       000000
__Htext25                      text25       000000
__Htext26                      text26       000000
__Htext27                      text27       000000
__Htext28                      text28       000000
__Htext29                      text29       000000
__Htext3                       text3        000000
__Htext30                      text30       000000
__Htext31                      text31       000000
__Htext32                      text32       000000
__Htext4                       text4        000000
__Htext5                       text5        000000
__Htext6                       text6        000000
__Htext7                       text7        000000
__Htext8                       text8        000000
__Htext9                       text9        000000
__LRAM                         (abs)        000001
__L__absolute__                __absolute__ 000000
__Labs1                        abs1         000000
__Lbank0                       bank0        000000
__Lbank1                       bank1        000000
__Lbank2                       bank2        000000
__Lbank3                       bank3        000000
__Lbank4                       bank4        000000
__Lbank5                       bank5        000000
__Lbigbss                      bigbss       000000
__Lbigdata                     bigdata      000000
__Lbigram                      bigram       000000
__Lbigsfr                      bigsfr       000000
__Lbss                         bss          000000
__LbssBANK0                    bssBANK0     000000
__LbssCOMRAM                   bssCOMRAM    000000
__Lcinit                       cinit        000000
__Lclrtext                     clrtext      000000
__Lcomram                      comram       000000
__Lconfig                      config       000000
__Lconst                       const        000000
__LcstackCOMRAM                cstackCOMRAM 000000
__Ldata                        data         000000
__LdataBANK0                   dataBANK0    000000
__LdataBANK1                   dataBANK1    000000
__LdataCOMRAM                  dataCOMRAM   000000
__Leeprom_data                 eeprom_data  000000
__Lfarbss                      farbss       000000
__Lfardata                     fardata      000000
__Lheap                        heap         000000
__Libigdata                    ibigdata     000000
__Lidata                       idata        000000
__LidataBANK0                  idataBANK0   000000
__LidataBANK1                  idataBANK1   000000
__LidataCOMRAM                 idataCOMRAM  000000
__Lidloc                       idloc        000000
__Lifardata                    ifardata     000000
__Linit                        init         00000E
__Lintcode                     intcode      000008
__Lintcode_body                intcode_body 000000
__Lintcodelo                   intcodelo    00000E
__Lintentry                    intentry     000000
__Lintret                      intret       000000
__Lintsave_regs                intsave_regs 000000
__Lirdata                      irdata       000000
__Lmediumconst                 mediumconst  007EA8
__LnvFARRAM                    nvFARRAM     000000
__Lnvbit                       nvbit        000000
__Lnvrram                      nvrram       000000
__Lparam                       rparam       000000
__Lpowerup                     powerup      00000E
__Lram                         ram          000000
__Lramtop                      ramtop       000600
__Lrbit                        rbit         000000
__Lrbss                        rbss         000000
__Lrdata                       rdata        000000
__Lreset_vec                   reset_vec    000000
__Lrparam                      rparam       000000
__Lsfr                         sfr          000000
__Lsmallconst                  smallconst   000000
__Lspace_0                     (abs)        000000
__Lspace_1                     (abs)        000000
__Lspace_2                     (abs)        000000
__Lspace_4                     (abs)        000000
__Lstack                       stack        000000
__Lstruct                      struct       000000
__Ltemp                        temp         000058
__Ltext                        text         000000
__Ltext0                       text0        000000
__Ltext1                       text1        000000
__Ltext10                      text10       000000
__Ltext11                      text11       000000
__Ltext12                      text12       000000
__Ltext13                      text13       000000
__Ltext14                      text14       000000
__Ltext15                      text15       000000
__Ltext16                      text16       000000
__Ltext17                      text17       000000
__Ltext18                      text18       000000
__Ltext19                      text19       000000
__Ltext2                       text2        000000
__Ltext20                      text20       000000
__Ltext21                      text21       000000
__Ltext22                      text22       000000
__Ltext23                      text23       000000
__Ltext24                      text24       000000
__Ltext25                      text25       000000
__Ltext26                      text26       000000
__Ltext27                      text27       000000
__Ltext28                      text28       000000
__Ltext29                      text29       000000
__Ltext3                       text3        000000
__Ltext30                      text30       000000
__Ltext31                      text31       000000
__Ltext32                      text32       000000
__Ltext4                       text4        000000
__Ltext5                       text5        000000
__Ltext6                       text6        000000
__Ltext7                       text7        000000
__Ltext8                       text8        000000
__Ltext9                       text9        000000
__S0                           (abs)        008000
__S1                           (abs)        00019C
__S4                           (abs)        000000
__S5                           (abs)        000000
___fldiv                       text26       000BE0
___fldiv@a                     cstackCOMRAM 00001A
___fldiv@aexp                  cstackCOMRAM 00002E
___fldiv@b                     cstackCOMRAM 000016
___fldiv@bexp                  cstackCOMRAM 00002D
___fldiv@grs                   cstackCOMRAM 000029
___fldiv@new_exp               cstackCOMRAM 000027
___fldiv@rem                   cstackCOMRAM 000022
___fldiv@sign                  cstackCOMRAM 000026
___fltol                       text25       001F8A
___fltol@exp1                  cstackCOMRAM 000038
___fltol@f1                    cstackCOMRAM 00002F
___fltol@sign1                 cstackCOMRAM 000037
___heap_hi                     (abs)        000000
___heap_lo                     (abs)        000000
___inthi_sp                    stack        000000
___inthi_stack_hi              stack        000000
___inthi_stack_lo              stack        000000
___intlo_sp                    stack        000000
___intlo_stack_hi              stack        000000
___intlo_stack_lo              stack        000000
___lwdiv                       text24       0023B4
___lwdiv@counter               cstackCOMRAM 000007
___lwdiv@dividend              cstackCOMRAM 000001
___lwdiv@divisor               cstackCOMRAM 000003
___lwdiv@quotient              cstackCOMRAM 000005
___lwmod                       text23       002428
___lwmod@counter               cstackCOMRAM 000005
___lwmod@dividend              cstackCOMRAM 000001
___lwmod@divisor               cstackCOMRAM 000003
___param_bank                  (abs)        000000
___rparam_used                 (abs)        000001
___sp                          stack        000000
___stack_hi                    stack        000000
___stack_lo                    stack        000000
___wmul                        text20       002650
___wmul@multiplicand           cstackCOMRAM 000003
___wmul@multiplier             cstackCOMRAM 000001
___wmul@product                cstackCOMRAM 000005
___xxtofl                      text22       001A8A
___xxtofl@arg                  cstackCOMRAM 000012
___xxtofl@exp                  cstackCOMRAM 000011
___xxtofl@sign                 cstackCOMRAM 000010
___xxtofl@val                  cstackCOMRAM 000008
__accesstop                    (abs)        000060
__activetblptr                 (abs)        000002
__end_of___fldiv               text26       000F7A
__end_of___fltol               text25       002090
__end_of___lwdiv               text24       002428
__end_of___lwmod               text23       00248C
__end_of___wmul                text20       002676
__end_of___xxtofl              text22       001C3E
__end_of__initialization       cinit        0022AE
__end_of_change_password       text28       0012BE
__end_of_clcd_print            text30       00223E
__end_of_clcd_putch            text31       0025EE
__end_of_clcd_write            text32       002620
__end_of_clear_log             text27       00233A
__end_of_display_dashboard     text16       00083C
__end_of_display_menu          text13       0015A0
__end_of_download_log          text9        001A8A
__end_of_init_adc              text8        0026DC
__end_of_init_clcd             text7        0026BC
__end_of_init_config           text4        0025B6
__end_of_init_matrix_config    text6        002732
__end_of_init_timer0           text5        0026F2
__end_of_isr                   intcode_body 0021BA
__end_of_main                  text0        001D6C
__end_of_over_write            text18       002532
__end_of_password_screen       text3        000BE0
__end_of_putch                 text12       002708
__end_of_puts                  text11       0024EA
__end_of_read_adc              text21       002578
__end_of_read_internal_eeprom  text19       00272C
__end_of_read_switches         text14       0023B4
__end_of_scan_key              text15       001F8A
__end_of_set_times             text2        00045A
__end_of_store_event_in_eeprom text17       001E84
__end_of_uartinit              text10       00271A
__end_of_view_log              text1        001872
__end_of_write_internal_eeprom text29       002650
__initialization               cinit        00223E
__mediumconst                  mediumconst  007EA8
__pbssBANK0                    bssBANK0     000060
__pbssCOMRAM                   bssCOMRAM    000039
__pcinit                       cinit        00223E
__pcstackCOMRAM                cstackCOMRAM 000001
__pdataBANK0                   dataBANK0    0000BF
__pdataBANK1                   dataBANK1    000100
__pdataCOMRAM                  dataCOMRAM   000056
__pidataBANK0                  idataBANK0   002676
__pidataBANK1                  idataBANK1   002090
__pidataCOMRAM                 idataCOMRAM  002732
__pintcode                     intcode      000008
__pintcode_body                intcode_body 00212C
__pmediumconst                 mediumconst  007EA8
__ptext0                       text0        001C3E
__ptext1                       text1        0015A0
__ptext10                      text10       002708
__ptext11                      text11       00248C
__ptext12                      text12       0026F2
__ptext13                      text13       0012BE
__ptext14                      text14       00233A
__ptext15                      text15       001E84
__ptext16                      text16       00045A
__ptext17                      text17       001D6C
__ptext18                      text18       0024EA
__ptext19                      text19       00271A
__ptext2                       text2        000012
__ptext20                      text20       002650
__ptext21                      text21       002532
__ptext22                      text22       001A8A
__ptext23                      text23       002428
__ptext24                      text24       0023B4
__ptext25                      text25       001F8A
__ptext26                      text26       000BE0
__ptext27                      text27       0022BC
__ptext28                      text28       000F7A
__ptext29                      text29       002620
__ptext3                       text3        00083C
__ptext30                      text30       0021BA
__ptext31                      text31       0025B6
__ptext32                      text32       0025EE
__ptext4                       text4        002578
__ptext5                       text5        0026DC
__ptext6                       text6        00272C
__ptext7                       text7        00269A
__ptext8                       text8        0026BC
__ptext9                       text9        001872
__ramtop                       ramtop       000600
__smallconst                   smallconst   000000
_add                           bssBANK0     000092
_address                       bssCOMRAM    000043
_arr                           bssBANK0     000074
_blink_f                       bssBANK0     000096
_ch                            bssBANK0     0000AE
_chance                        dataBANK0    0000CD
_change_Time                   dataBANK0    0000D1
_change_password               text28       000F7A
_clcd_print                    text30       0021BA
_clcd_putch                    text31       0025B6
_clcd_write                    text32       0025EE
_clear_log                     text27       0022BC
_clock_set                     bssBANK0     000068
_count                         bssBANK0     0000AA
_delay                         bssCOMRAM    000039
_diplay                        dataBANK1    000100
_display_dashboard             text16       00045A
_display_menu                  text13       0012BE
_download_log                  text9        001872
_dummy                         bssBANK0     000060
_ee                            bssBANK0     0000B1
_f                             bssCOMRAM    000045
_flag                          dataBANK0    0000D0
_g_index                       bssCOMRAM    000049
_gear                          dataBANK1    000178
_hour                          bssBANK0     00009A
_index                         bssCOMRAM    000047
_init_adc                      text8        0026BC
_init_clcd                     text7        00269A
_init_config                   text4        002578
_init_matrix_config            text6        00272C
_init_timer0                   text5        0026DC
_isr                           intcode      000008
_key                           bssCOMRAM    000053
_main                          text0        001C3E
_main_key                      bssBANK0     000094
_menu                          bssBANK0     0000A6
_min                           bssBANK0     00009C
_no_of_event                   bssCOMRAM    000054
_once                          dataBANK0    0000CB
_over_write                    text18       0024EA
_pass                          bssBANK0     000070
_password                      bssBANK0     0000A4
_password_screen               text3        00083C
_pk                            bssBANK0     0000A2
_print                         bssBANK0     0000B3
_putch                         text12       0026F2
_puts                          text11       00248C
_read_adc                      text21       002532
_read_internal_eeprom          text19       00271A
_read_switches                 text14       00233A
_scan_key                      text15       001E84
_sec                           dataCOMRAM   000056
_second                        bssBANK0     0000AC
_set_times                     text2        000012
_speed@common$F106             bssCOMRAM    00004B
_store_add                     bssBANK0     00009E
_store_event_in_eeprom         text17       001D6C
_time                          dataBANK0    0000DA
_uartinit                      text10       002708
_view_log                      text1        0015A0
_wait                          bssBANK0     00006C
_write_internal_eeprom         text29       002620
btemp                          temp         000058
change_password@y              cstackCOMRAM 000016
change_password@y_192          cstackCOMRAM 00001A
clcd_print@addr                cstackCOMRAM 00000E
clcd_print@i                   cstackCOMRAM 000011
clcd_print@str                 cstackCOMRAM 00000C
clcd_putch@addr                cstackCOMRAM 000008
clcd_putch@data                cstackCOMRAM 00000B
clcd_putch@i                   cstackCOMRAM 000009
clcd_write@command             cstackCOMRAM 000003
clcd_write@i                   cstackCOMRAM 000001
clear_log@y                    cstackCOMRAM 000012
download_log@i                 cstackCOMRAM 00001B
download_log@y                 cstackCOMRAM 000013
download_log@y_163             cstackCOMRAM 000017
end_of_initialization          cinit        0022AE
int$flags                      temp         000058
int_func                       intcode_body 00212C
intlevel0                      text         000000
intlevel1                      text         000000
intlevel2                      text         000000
intlevel3                      text         000000
isa$std                        (abs)        000001
isa$xinst                      (abs)        000000
isr@count                      bssBANK0     000080
over_write@ch                  cstackCOMRAM 00000B
over_write@i                   cstackCOMRAM 000009
over_write@j                   cstackCOMRAM 00000C
password_screen@y              cstackCOMRAM 000014
password_screen@y_138          cstackCOMRAM 000018
putch@byte                     cstackCOMRAM 000001
puts@s                         cstackCOMRAM 000002
read_adc@channel               cstackCOMRAM 000007
read_adc@reg_val               cstackCOMRAM 000005
read_internal_eeprom@address   cstackCOMRAM 000001
read_switches@detection_type   cstackCOMRAM 000001
read_switches@key              bssCOMRAM    000051
read_switches@once             dataBANK0    0000CF
set_times@y                    cstackCOMRAM 000012
stackhi                        (abs)        000000
stacklo                        (abs)        000000
start                          init         00000E
start_initialization           cinit        00223E
store_event_in_eeprom@i        cstackCOMRAM 000010
store_event_in_eeprom@i_208    cstackCOMRAM 000012
store_event_in_eeprom@i_209    cstackCOMRAM 000014
ttemp5                         temp         000059
ttemp6                         temp         00005C
ttemp7                         temp         000060
write_internal_eeprom@address  cstackCOMRAM 000008
write_internal_eeprom@data     cstackCOMRAM 000007
wtemp8                         temp         000059


MODULE INFORMATION

Module		Function		Class		Link	Load	Size
C:\Program Files\Microchip\xc8\v2.45\pic\sources\c99\common\Umul16.c
		___wmul        		CODE           	2650	0000	38

C:\Program Files\Microchip\xc8\v2.45\pic\sources\c99\common\Umul16.c estimated size: 38

uart.c
		_putch         		CODE           	26F2	0000	22
		_uartinit      		CODE           	2708	0000	18
		_puts          		CODE           	248C	0000	94

uart.c estimated size: 134

matrix.c
		_init_matrix_config		CODE           	272C	0000	6
		_read_switches 		CODE           	233A	0000	122
		_scan_key      		CODE           	1E84	0000	262

matrix.c estimated size: 390

timer0.c
		_init_timer0   		CODE           	26DC	0000	22

timer0.c estimated size: 22

eeprom.c
		_read_internal_eeprom		CODE           	271A	0000	18
		_write_internal_eeprom		CODE           	2620	0000	48

eeprom.c estimated size: 66

adc.c
		_init_adc      		CODE           	26BC	0000	32
		_read_adc      		CODE           	2532	0000	70

adc.c estimated size: 102

C:\Program Files\Microchip\xc8\v2.45\pic\sources\c99\common\sprcdiv.c
		___fldiv       		CODE           	0BE0	0000	922

C:\Program Files\Microchip\xc8\v2.45\pic\sources\c99\common\sprcdiv.c estimated size: 922

C:\Program Files\Microchip\xc8\v2.45\pic\sources\c99\common\lwmod.c
		___lwmod       		CODE           	2428	0000	100

C:\Program Files\Microchip\xc8\v2.45\pic\sources\c99\common\lwmod.c estimated size: 100

isr.c
		_isr           		CODE           	0008	0000	148

isr.c estimated size: 148

shared
		__initialization		CODE           	223E	0000	112

shared estimated size: 112

C:\Program Files\Microchip\xc8\v2.45\pic\sources\c99\common\xxtofl.c
		___xxtofl      		CODE           	1A8A	0000	436

C:\Program Files\Microchip\xc8\v2.45\pic\sources\c99\common\xxtofl.c estimated size: 436

clcd.c
		_clcd_write    		CODE           	25EE	0000	50
		_clcd_print    		CODE           	21BA	0000	132
		_clcd_putch    		CODE           	25B6	0000	56
		_init_clcd     		CODE           	269A	0000	34

clcd.c estimated size: 272

common.c
		_view_log      		CODE           	15A0	0000	722
		_display_menu  		CODE           	12BE	0000	738
		_change_password		CODE           	0F7A	0000	836
		_display_dashboard		CODE           	045A	0000	994
		_over_write    		CODE           	24EA	0000	72
		_download_log  		CODE           	1872	0000	536
		_store_event_in_eeprom		CODE           	1D6C	0000	280
		_set_times     		CODE           	0012	0000	1096
		_clear_log     		CODE           	22BC	0000	126
		_password_screen		CODE           	083C	0000	932

common.c estimated size: 6332

main.c
		_main          		CODE           	1C3E	0000	302
		_init_config   		CODE           	2578	0000	62

main.c estimated size: 364

C:\Program Files\Microchip\xc8\v2.45\pic\sources\c99\common\lwdiv.c
		___lwdiv       		CODE           	23B4	0000	116

C:\Program Files\Microchip\xc8\v2.45\pic\sources\c99\common\lwdiv.c estimated size: 116

C:\Program Files\Microchip\xc8\v2.45\pic\sources\c99\common\fltol.c
		___fltol       		CODE           	1F8A	0000	262

C:\Program Files\Microchip\xc8\v2.45\pic\sources\c99\common\fltol.c estimated size: 262

