Microchip MPLAB XC8 Compiler V2.45

Linker command line:

-W-3 \
  --edf=C:\Program Files\Microchip\xc8\v2.45\pic\dat\20230818022343_en.msgs \
  -cn -h+dist/default/production\CAR_BLACK_BOX_PROJECT.X.production.sym \
  --cmf=dist/default/production\CAR_BLACK_BOX_PROJECT.X.production.cmf -z \
  -Q18F4580 -oC:\Users\WINDOW~1\AppData\Local\Temp\xcBseos.1\driver_tmp_3.o \
  --defsym=__MPLAB_BUILD=1 --fixupoverflow=error \
  -Mdist/default/production/CAR_BLACK_BOX_PROJECT.X.production.map \
  --md=C:\Users\WINDOW~1\AppData\Local\Temp\xcBseos.1\driver_tmp_0.dat -E1 \
  -ver=XC8 Compiler --acfsm=1493 -ACODE=00h-03000h -ACONST=00h-03000h \
  -ASMALLCONST=0600h-06FFhx42,03000h-03000h -AMEDIUMCONST=0600h-03000h \
  -ACOMRAM=01h-05Fh -AABS1=00h-05FFh -ABIGRAM=01h-05FFh \
  -ARAM=060h-0FFh,0100h-01FFhx5 -ABANK0=060h-0FFh -ABANK1=0100h-01FFh \
  -ABANK2=0200h-02FFh -ABANK3=0300h-03FFh -ABANK4=0400h-04FFh \
  -ABANK5=0500h-05FFh -ASFR=0D00h-0DFFhx2,0F00h-0F5Fh,0F60h-0FFFh \
  -ABIGSFR=0D00h-0FFFh -ACONFIG=0300000h-030000Dh -AIDLOC=0200000h-0200007h \
  -AEEDATA=0F00000h-0F000FFh -peeprom_data=EEDATA \
  -preset_vec=00h,intcode=08h,intcodelo,powerup,init -pramtop=0600h \
  -psmallconst=SMALLCONST -pmediumconst=MEDIUMCONST -pconst=CONST \
  -AFARRAM=00h-00h \
  -prdata=COMRAM,nvrram=COMRAM,nvbit=COMRAM,rbss=COMRAM,rbit=COMRAM \
  -pfarbss=FARRAM,fardata=FARRAM,nvFARRAM=FARRAM \
  -pintsave_regs=BIGRAM,bigbss=BIGRAM,bigdata=BIGRAM -pbss=RAM \
  -pidata=CODE,irdata=CODE,ibigdata=CODE,ifardata=CODE -prparam=COMRAM \
  C:\Users\WINDOW~1\AppData\Local\Temp\xcBseos.1\driver_tmp_9.o \
  dist/default/production\CAR_BLACK_BOX_PROJECT.X.production.o 

Object code version is 3.11

Machine type is 18F4580



                Name                               Link     Load   Length Selector   Space Scale
C:\Users\WINDOW~1\AppData\Local\Temp\xcBseos.1\driver_tmp_9.o
                idloc                            200000   200000        8        0       5
                config                           300000   300000        E        0       4
                init                                  E        E        4        4       0
                reset_vec                             0        0        4        0       0
dist/default/production\CAR_BLACK_BOX_PROJECT.X.production.o
                intcode                               8        8        6        4       0
                idloc                            200000   200000        8        0       5
                config                           300000   300000        E        0       4
                temp                                 5E       5E        1        1       1
                mediumconst                        2E94     2E94      16C     174A       0
                intcode_body                       271E     271E       7A        4       0
                text47                             2A4A     2A4A       3A        4       0
                text46                             280C     280C       6C        4       0
                text45                             2BB8     2BB8       18        4       0
                text44                             2B0E     2B0E       26        4       0
                text43                             2C80     2C80        6        4       0
                text42                             2C36     2C36       12        4       0
                text41                             2C78     2C78        8        4       0
                text40                             2C54     2C54        C        4       0
                text39                             2C70     2C70        8        4       0
                text38                             2C68     2C68        8        4       0
                text37                             2C60     2C60        8        4       0
                text36                             2C48     2C48        C        4       0
                text35                             2AE4     2AE4       2A        4       0
                text34                             2A0A     2A0A       40        4       0
                text33                             29C8     29C8       42        4       0
                text32                             1C40     1C40      1BE        4       0
                text31                              D32      D32      39C        4       0
                text30                             2464     2464       9A        4       0
                text29                             10CE     10CE      39A        4       0
                text28                             21EA     21EA      106        4       0
                text27                             2798     2798       74        4       0
                text26                             2878     2878       64        4       0
                text25                             1DFE     1DFE      1B4        4       0
                text24                             2ABA     2ABA       2A        4       0
                text23                             24FE     24FE       94        4       0
                text22                             2982     2982       46        4       0
                text21                              95A      95A      3D8        4       0
                text20                             20E2     20E2      108        4       0
                text19                             26A4     26A4       7A        4       0
                text18                             1746     1746      2DE        4       0
                text17                             2C24     2C24       12        4       0
                text16                             2BFC     2BFC       16        4       0
                text15                             28DC     28DC       5E        4       0
                text14                             1A24     1A24      21C        4       0
                text13                             2B7A     2B7A       20        4       0
                text12                             2A84     2A84       36        4       0
                text11                             2B9A     2B9A       1E        4       0
                text10                             293A     293A       48        4       0
                text9                              2BE6     2BE6       16        4       0
                text8                              2C12     2C12       12        4       0
                text7                              2BD0     2BD0       16        4       0
                text6                              2B58     2B58       22        4       0
                text5                               4E6      4E6      474        4       0
                text4                              22F0     22F0       C4        4       0
                text3                              23B4     23B4       B0        4       0
                text2                                12       12      4D4        4       0
                text1                              1468     1468      2DE        4       0
                text0                              1FB2     1FB2      130        4       0
                cstackCOMRAM                          1        1       38        1       1
                dataBANK1                           100      100       88      100       1
                bssBANK1                            188      188       38      100       1
                dataBANK0                            D5       D5       24       60       1
                bssBANK0                             60       60       75       60       1
                dataCOMRAM                           5C       5C        2        1       1
                bssCOMRAM                            39       39       23        1       1
                cinit                              2592     2592       8A        4       0
                idataBANK1                         261C     261C       88        4       0
                idataBANK0                         2B34     2B34       24        4       0
                idataCOMRAM                        2C86     2C86        2        4       0

TOTAL           Name                               Link     Load   Length     Space
        CLASS   CODE           
                intcode                               8        8        6         0
                init                                  E        E        4         0
                reset_vec                             0        0        4         0
                intcode_body                       271E     271E       7A         0
                text47                             2A4A     2A4A       3A         0
                text46                             280C     280C       6C         0
                text45                             2BB8     2BB8       18         0
                text44                             2B0E     2B0E       26         0
                text43                             2C80     2C80        6         0
                text42                             2C36     2C36       12         0
                text41                             2C78     2C78        8         0
                text40                             2C54     2C54        C         0
                text39                             2C70     2C70        8         0
                text38                             2C68     2C68        8         0
                text37                             2C60     2C60        8         0
                text36                             2C48     2C48        C         0
                text35                             2AE4     2AE4       2A         0
                text34                             2A0A     2A0A       40         0
                text33                             29C8     29C8       42         0
                text32                             1C40     1C40      1BE         0
                text31                              D32      D32      39C         0
                text30                             2464     2464       9A         0
                text29                             10CE     10CE      39A         0
                text28                             21EA     21EA      106         0
                text27                             2798     2798       74         0
                text26                             2878     2878       64         0
                text25                             1DFE     1DFE      1B4         0
                text24                             2ABA     2ABA       2A         0
                text23                             24FE     24FE       94         0
                text22                             2982     2982       46         0
                text21                              95A      95A      3D8         0
                text20                             20E2     20E2      108         0
                text19                             26A4     26A4       7A         0
                text18                             1746     1746      2DE         0
                text17                             2C24     2C24       12         0
                text16                             2BFC     2BFC       16         0
                text15                             28DC     28DC       5E         0
                text14                             1A24     1A24      21C         0
                text13                             2B7A     2B7A       20         0
                text12                             2A84     2A84       36         0
                text11                             2B9A     2B9A       1E         0
                text10                             293A     293A       48         0
                text9                              2BE6     2BE6       16         0
                text8                              2C12     2C12       12         0
                text7                              2BD0     2BD0       16         0
                text6                              2B58     2B58       22         0
                text5                               4E6      4E6      474         0
                text4                              22F0     22F0       C4         0
                text3                              23B4     23B4       B0         0
                text2                                12       12      4D4         0
                text1                              1468     1468      2DE         0
                text0                              1FB2     1FB2      130         0
                cinit                              2592     2592       8A         0
                idataBANK1                         261C     261C       88         0
                idataBANK0                         2B34     2B34       24         0
                idataCOMRAM                        2C86     2C86        2         0

        CLASS   CONST          

        CLASS   SMALLCONST     

        CLASS   MEDIUMCONST    
                mediumconst                        2E94     2E94      16C         0

        CLASS   COMRAM         
                temp                                 5E       5E        1         1
                cstackCOMRAM                          1        1       38         1
                dataCOMRAM                           5C       5C        2         1
                bssCOMRAM                            39       39       23         1

        CLASS   ABS1           

        CLASS   BIGRAM         

        CLASS   RAM            

        CLASS   BANK0          
                dataBANK0                            D5       D5       24         1
                bssBANK0                             60       60       75         1

        CLASS   BANK1          
                dataBANK1                           100      100       88         1
                bssBANK1                            188      188       38         1

        CLASS   BANK2          

        CLASS   BANK3          

        CLASS   BANK4          

        CLASS   BANK5          

        CLASS   SFR            

        CLASS   BIGSFR         

        CLASS   CONFIG         
                config                           300000   300000        E         4

        CLASS   IDLOC          
                idloc                            200000   200000        8         5

        CLASS   EEDATA         

        CLASS   FARRAM         

        CLASS   HEAP           

        CLASS   STACK          



SEGMENTS        Name                           Load    Length   Top    Selector   Space  Class

                reset_vec                      000000  000004  000004         0       0  CODE    
                cstackCOMRAM                   000001  00005E  00005F         1       1  COMRAM  
                intcode                        000008  002C80  002C88         4       0  CODE    
                bssBANK0                       000060  000099  0000F9        60       1  BANK0   
                dataBANK1                      000100  0000C0  0001C0       100       1  BANK1   
                mediumconst                    002E94  00016C  003000      174A       0  MEDIUMCO


UNUSED ADDRESS RANGES

        Name                Unused          Largest block    Delta
        BANK0            0000F9-0000FF                7
        BANK1            0001C0-0001FF               40
        BANK2            000200-0002FF              100
        BANK3            000300-0003FF              100
        BANK4            000400-0004FF              100
        BANK5            000500-0005FF              100
        BIGRAM           00005F-00005F                1
                         0000F9-0000FF                7
                         0001C0-0005FF              440
        BIGSFR           000D00-000FFF              300
        CODE             000004-000007                4
                         002C88-002E93              20C
                         003000-003000                1
        COMRAM           00005F-00005F                1
        CONST            000004-000007                4
                         002C88-002E93              20C
                         003000-003000                1
        EEDATA           F00000-F000FF              100
        MEDIUMCONST      002C88-002E93              20C
                         003000-003000                1
        RAM              0000F9-0000FF                7
                         0001C0-0005FF              100
        SFR              000D00-000FFF              100
        SMALLCONST       002C88-002E93              100
                         003000-003000                1

                                  Symbol Table

?___awdiv                      cstackCOMRAM 000001
?___awmod                      cstackCOMRAM 000001
?___fldiv                      cstackCOMRAM 000016
?___fltol                      cstackCOMRAM 00002F
?___lwdiv                      cstackCOMRAM 000001
?___lwmod                      cstackCOMRAM 000001
?___wmul                       cstackCOMRAM 000001
?___xxtofl                     cstackCOMRAM 000008
?_read_adc                     cstackCOMRAM 000001
_ACKDT                         (abs)        007E2D
_ACKEN                         (abs)        007E2C
_ACKSTAT                       (abs)        007E2E
_ACQT0                         (abs)        007E03
_ACQT1                         (abs)        007E04
_ACQT2                         (abs)        007E05
_ADCON0                        (abs)        000FC2
_ADCON1                        (abs)        000FC1
_ADCS0                         (abs)        007E00
_ADCS1                         (abs)        007E01
_ADCS2                         (abs)        007E02
_ADFM                          (abs)        007E07
_ADON                          (abs)        007E10
_ADRESH                        (abs)        000FC4
_ADRESL                        (abs)        000FC3
_ARROW                         bssCOMRAM    00003D
_BCLIF                         (abs)        007D0B
_BLINK                         bssBANK0     0000AB
_BRGH                          (abs)        007D62
_CKE                           (abs)        007E3E
_CREN                          (abs)        007D5C
_EF                            bssBANK0     0000BE
_EI                            bssCOMRAM    000057
_Event                         bssBANK0     0000AD
_FILED                         bssCOMRAM    000041
_GIE                           (abs)        007F97
_GO                            (abs)        007E11
_GODONE                        (abs)        007E11
_MENU_FLAG                     bssCOMRAM    00004F
_M_index                       bssCOMRAM    00003F
_NEW_KEY                       bssCOMRAM    000056
_PEIE                          (abs)        007F96
_PEN                           (abs)        007E2A
_PORTB                         (abs)        000F81
_PORTBbits                     (abs)        000F81
_PORTD                         (abs)        000F83
_PSA                           (abs)        007EAB
_RBPU                          (abs)        007F8F
_RC0                           (abs)        007C10
_RC1                           (abs)        007C11
_RC2                           (abs)        007C12
_RCEN                          (abs)        007E2B
_RCIE                          (abs)        007CED
_RCIF                          (abs)        007CF5
_RCREG                         (abs)        000FAE
_RD7                           (abs)        007C1F
_RSEN                          (abs)        007E29
_SCREEN_FLAG                   bssCOMRAM    000051
_SEN                           (abs)        007E28
_SMP                           (abs)        007E3F
_SPBRG                         (abs)        000FAF
_SPEN                          (abs)        007D5F
_SSPADD                        (abs)        000FC8
_SSPBUF                        (abs)        000FC9
_SSPCON1                       (abs)        000FC6
_SSPIF                         (abs)        007CF3
_T08BIT                        (abs)        007EAE
_T0CS                          (abs)        007EAD
_TMR0                          (abs)        000FD6
_TMR0IE                        (abs)        007F95
_TMR0IF                        (abs)        007F92
_TMR0ON                        (abs)        007EAF
_TRISB                         (abs)        000F93
_TRISC                         (abs)        000F94
_TRISC3                        (abs)        007CA3
_TRISC4                        (abs)        007CA4
_TRISC6                        (abs)        007CA6
_TRISC7                        (abs)        007CA7
_TRISD                         (abs)        000F95
_TRISD7                        (abs)        007CAF
_TXIF                          (abs)        007CF4
_TXREG                         (abs)        000FAD
_VCFG0                         (abs)        007E0C
_VCFG1                         (abs)        007E0D
__HRAM                         (abs)        000000
__H__absolute__                __absolute__ 000000
__Habs1                        abs1         000000
__Hbank0                       bank0        000000
__Hbank1                       bank1        000000
__Hbank2                       bank2        000000
__Hbank3                       bank3        000000
__Hbank4                       bank4        000000
__Hbank5                       bank5        000000
__Hbigbss                      bigbss       000000
__Hbigdata                     bigdata      000000
__Hbigram                      bigram       000000
__Hbigsfr                      bigsfr       000000
__Hbss                         bss          000000
__HbssBANK0                    bssBANK0     000000
__HbssBANK1                    bssBANK1     000000
__HbssCOMRAM                   bssCOMRAM    000000
__Hcinit                       cinit        000000
__Hclrtext                     clrtext      000000
__Hcomram                      comram       000000
__Hconfig                      config       30000E
__Hconst                       const        000000
__HcstackCOMRAM                cstackCOMRAM 000000
__Hdata                        data         000000
__HdataBANK0                   dataBANK0    000000
__HdataBANK1                   dataBANK1    000000
__HdataCOMRAM                  dataCOMRAM   000000
__Heeprom_data                 eeprom_data  000000
__Hfarbss                      farbss       000000
__Hfardata                     fardata      000000
__Hheap                        heap         000000
__Hibigdata                    ibigdata     000000
__Hidata                       idata        000000
__HidataBANK0                  idataBANK0   000000
__HidataBANK1                  idataBANK1   000000
__HidataCOMRAM                 idataCOMRAM  000000
__Hidloc                       idloc        200008
__Hifardata                    ifardata     000000
__Hinit                        init         000012
__Hintcode                     intcode      00000E
__Hintcode_body                intcode_body 000000
__Hintcodelo                   intcodelo    00000E
__Hintentry                    intentry     000000
__Hintret                      intret       000000
__Hintsave_regs                intsave_regs 000000
__Hirdata                      irdata       000000
__Hmediumconst                 mediumconst  003000
__HnvFARRAM                    nvFARRAM     000000
__Hnvbit                       nvbit        000000
__Hnvrram                      nvrram       000000
__Hparam                       rparam       000000
__Hpowerup                     powerup      00000E
__Hram                         ram          000000
__Hramtop                      ramtop       000600
__Hrbit                        rbit         000000
__Hrbss                        rbss         000000
__Hrdata                       rdata        000000
__Hreset_vec                   reset_vec    000004
__Hrparam                      rparam       000000
__Hsfr                         sfr          000000
__Hsmallconst                  smallconst   000000
__Hspace_0                     (abs)        003000
__Hspace_1                     (abs)        0001C0
__Hspace_2                     (abs)        000000
__Hspace_4                     (abs)        60000E
__Hstack                       stack        000000
__Hstruct                      struct       000000
__Htemp                        temp         00005F
__Htext                        text         000000
__Htext0                       text0        000000
__Htext1                       text1        000000
__Htext10                      text10       000000
__Htext11                      text11       000000
__Htext12                      text12       000000
__Htext13                      text13       000000
__Htext14                      text14       000000
__Htext15                      text15       000000
__Htext16                      text16       000000
__Htext17                      text17       000000
__Htext18                      text18       000000
__Htext19                      text19       000000
__Htext2                       text2        000000
__Htext20                      text20       000000
__Htext21                      text21       000000
__Htext22                      text22       000000
__Htext23                      text23       000000
__Htext24                      text24       000000
__Htext25                      text25       000000
__Htext26                      text26       000000
__Htext27                      text27       000000
__Htext28                      text28       000000
__Htext29                      text29       000000
__Htext3                       text3        000000
__Htext30                      text30       000000
__Htext31                      text31       000000
__Htext32                      text32       000000
__Htext33                      text33       000000
__Htext34                      text34       000000
__Htext35                      text35       000000
__Htext36                      text36       000000
__Htext37                      text37       000000
__Htext38                      text38       000000
__Htext39                      text39       000000
__Htext4                       text4        000000
__Htext40                      text40       000000
__Htext41                      text41       000000
__Htext42                      text42       000000
__Htext43                      text43       000000
__Htext44                      text44       000000
__Htext45                      text45       000000
__Htext46                      text46       000000
__Htext47                      text47       000000
__Htext5                       text5        000000
__Htext6                       text6        000000
__Htext7                       text7        000000
__Htext8                       text8        000000
__Htext9                       text9        000000
__LRAM                         (abs)        000001
__L__absolute__                __absolute__ 000000
__Labs1                        abs1         000000
__Lbank0                       bank0        000000
__Lbank1                       bank1        000000
__Lbank2                       bank2        000000
__Lbank3                       bank3        000000
__Lbank4                       bank4        000000
__Lbank5                       bank5        000000
__Lbigbss                      bigbss       000000
__Lbigdata                     bigdata      000000
__Lbigram                      bigram       000000
__Lbigsfr                      bigsfr       000000
__Lbss                         bss          000000
__LbssBANK0                    bssBANK0     000000
__LbssBANK1                    bssBANK1     000000
__LbssCOMRAM                   bssCOMRAM    000000
__Lcinit                       cinit        000000
__Lclrtext                     clrtext      000000
__Lcomram                      comram       000000
__Lconfig                      config       000000
__Lconst                       const        000000
__LcstackCOMRAM                cstackCOMRAM 000000
__Ldata                        data         000000
__LdataBANK0                   dataBANK0    000000
__LdataBANK1                   dataBANK1    000000
__LdataCOMRAM                  dataCOMRAM   000000
__Leeprom_data                 eeprom_data  000000
__Lfarbss                      farbss       000000
__Lfardata                     fardata      000000
__Lheap                        heap         000000
__Libigdata                    ibigdata     000000
__Lidata                       idata        000000
__LidataBANK0                  idataBANK0   000000
__LidataBANK1                  idataBANK1   000000
__LidataCOMRAM                 idataCOMRAM  000000
__Lidloc                       idloc        000000
__Lifardata                    ifardata     000000
__Linit                        init         00000E
__Lintcode                     intcode      000008
__Lintcode_body                intcode_body 000000
__Lintcodelo                   intcodelo    00000E
__Lintentry                    intentry     000000
__Lintret                      intret       000000
__Lintsave_regs                intsave_regs 000000
__Lirdata                      irdata       000000
__Lmediumconst                 mediumconst  002E94
__LnvFARRAM                    nvFARRAM     000000
__Lnvbit                       nvbit        000000
__Lnvrram                      nvrram       000000
__Lparam                       rparam       000000
__Lpowerup                     powerup      00000E
__Lram                         ram          000000
__Lramtop                      ramtop       000600
__Lrbit                        rbit         000000
__Lrbss                        rbss         000000
__Lrdata                       rdata        000000
__Lreset_vec                   reset_vec    000000
__Lrparam                      rparam       000000
__Lsfr                         sfr          000000
__Lsmallconst                  smallconst   000000
__Lspace_0                     (abs)        000000
__Lspace_1                     (abs)        000000
__Lspace_2                     (abs)        000000
__Lspace_4                     (abs)        000000
__Lstack                       stack        000000
__Lstruct                      struct       000000
__Ltemp                        temp         00005E
__Ltext                        text         000000
__Ltext0                       text0        000000
__Ltext1                       text1        000000
__Ltext10                      text10       000000
__Ltext11                      text11       000000
__Ltext12                      text12       000000
__Ltext13                      text13       000000
__Ltext14                      text14       000000
__Ltext15                      text15       000000
__Ltext16                      text16       000000
__Ltext17                      text17       000000
__Ltext18                      text18       000000
__Ltext19                      text19       000000
__Ltext2                       text2        000000
__Ltext20                      text20       000000
__Ltext21                      text21       000000
__Ltext22                      text22       000000
__Ltext23                      text23       000000
__Ltext24                      text24       000000
__Ltext25                      text25       000000
__Ltext26                      text26       000000
__Ltext27                      text27       000000
__Ltext28                      text28       000000
__Ltext29                      text29       000000
__Ltext3                       text3        000000
__Ltext30                      text30       000000
__Ltext31                      text31       000000
__Ltext32                      text32       000000
__Ltext33                      text33       000000
__Ltext34                      text34       000000
__Ltext35                      text35       000000
__Ltext36                      text36       000000
__Ltext37                      text37       000000
__Ltext38                      text38       000000
__Ltext39                      text39       000000
__Ltext4                       text4        000000
__Ltext40                      text40       000000
__Ltext41                      text41       000000
__Ltext42                      text42       000000
__Ltext43                      text43       000000
__Ltext44                      text44       000000
__Ltext45                      text45       000000
__Ltext46                      text46       000000
__Ltext47                      text47       000000
__Ltext5                       text5        000000
__Ltext6                       text6        000000
__Ltext7                       text7        000000
__Ltext8                       text8        000000
__Ltext9                       text9        000000
__S0                           (abs)        003000
__S1                           (abs)        0001C0
__S4                           (abs)        000000
__S5                           (abs)        000000
___awdiv                       text4        0022F0
___awdiv@counter               cstackCOMRAM 000005
___awdiv@dividend              cstackCOMRAM 000001
___awdiv@divisor               cstackCOMRAM 000003
___awdiv@quotient              cstackCOMRAM 000007
___awdiv@sign                  cstackCOMRAM 000006
___awmod                       text3        0023B4
___awmod@counter               cstackCOMRAM 000005
___awmod@dividend              cstackCOMRAM 000001
___awmod@divisor               cstackCOMRAM 000003
___awmod@sign                  cstackCOMRAM 000006
___fldiv                       text29       0010CE
___fldiv@a                     cstackCOMRAM 00001A
___fldiv@aexp                  cstackCOMRAM 00002E
___fldiv@b                     cstackCOMRAM 000016
___fldiv@bexp                  cstackCOMRAM 00002D
___fldiv@grs                   cstackCOMRAM 000029
___fldiv@new_exp               cstackCOMRAM 000027
___fldiv@rem                   cstackCOMRAM 000022
___fldiv@sign                  cstackCOMRAM 000026
___fltol                       text28       0021EA
___fltol@exp1                  cstackCOMRAM 000038
___fltol@f1                    cstackCOMRAM 00002F
___fltol@sign1                 cstackCOMRAM 000037
___heap_hi                     (abs)        000000
___heap_lo                     (abs)        000000
___inthi_sp                    stack        000000
___inthi_stack_hi              stack        000000
___inthi_stack_lo              stack        000000
___intlo_sp                    stack        000000
___intlo_stack_hi              stack        000000
___intlo_stack_lo              stack        000000
___lwdiv                       text27       002798
___lwdiv@counter               cstackCOMRAM 000007
___lwdiv@dividend              cstackCOMRAM 000001
___lwdiv@divisor               cstackCOMRAM 000003
___lwdiv@quotient              cstackCOMRAM 000005
___lwmod                       text26       002878
___lwmod@counter               cstackCOMRAM 000005
___lwmod@dividend              cstackCOMRAM 000001
___lwmod@divisor               cstackCOMRAM 000003
___param_bank                  (abs)        000000
___rparam_used                 (abs)        000001
___sp                          stack        000000
___stack_hi                    stack        000000
___stack_lo                    stack        000000
___wmul                        text44       002B0E
___wmul@multiplicand           cstackCOMRAM 000003
___wmul@multiplier             cstackCOMRAM 000001
___wmul@product                cstackCOMRAM 000005
___xxtofl                      text25       001DFE
___xxtofl@arg                  cstackCOMRAM 000012
___xxtofl@exp                  cstackCOMRAM 000011
___xxtofl@sign                 cstackCOMRAM 000010
___xxtofl@val                  cstackCOMRAM 000008
__accesstop                    (abs)        000060
__activetblptr                 (abs)        000002
__end_of___awdiv               text4        0023B4
__end_of___awmod               text3        002464
__end_of___fldiv               text29       001468
__end_of___fltol               text28       0022F0
__end_of___lwdiv               text27       00280C
__end_of___lwmod               text26       0028DC
__end_of___wmul                text44       002B34
__end_of___xxtofl              text25       001FB2
__end_of__initialization       cinit        00260E
__end_of_change_password       text31       0010CE
__end_of_clcd_print            text46       002878
__end_of_clcd_putch            text45       002BD0
__end_of_clcd_write            text47       002A84
__end_of_clear_log             text30       0024FE
__end_of_display_dashboard     text21       000D32
__end_of_display_menu          text18       001A24
__end_of_download_log          text14       001C40
__end_of_get_time              text23       002592
__end_of_i2c_idle              text42       002C48
__end_of_i2c_no_ack            text43       002C86
__end_of_i2c_read              text40       002C60
__end_of_i2c_rep_start         text39       002C78
__end_of_i2c_rx_mode           text41       002C80
__end_of_i2c_start             text38       002C70
__end_of_i2c_stop              text37       002C68
__end_of_i2c_write             text36       002C54
__end_of_init_adc              text13       002B9A
__end_of_init_clcd             text12       002ABA
__end_of_init_config           text6        002B7A
__end_of_init_ds1307           text10       002982
__end_of_init_i2c              text9        002BFC
__end_of_init_matrix_keypad    text8        002C24
__end_of_init_timer0           text7        002BE6
__end_of_init_uart             text17       002C36
__end_of_isr                   intcode_body 002798
__end_of_main                  text0        0020E2
__end_of_over_write            text33       002A0A
__end_of_password_screen       text5        00095A
__end_of_putch                 text16       002C12
__end_of_puts                  text15       00293A
__end_of_read_adc              text22       0029C8
__end_of_read_ds1307           text24       002AE4
__end_of_read_external_eeprom  text35       002B0E
__end_of_read_switches         text19       00271E
__end_of_scan_key              text20       0021EA
__end_of_set_time              text2        0004E6
__end_of_store_event_in_eeprom text32       001DFE
__end_of_view_log              text1        001746
__end_of_write_ds1307          text11       002BB8
__end_of_write_external_eeprom text34       002A4A
__initialization               cinit        002592
__mediumconst                  mediumconst  002E94
__pbssBANK0                    bssBANK0     000060
__pbssBANK1                    bssBANK1     000188
__pbssCOMRAM                   bssCOMRAM    000039
__pcinit                       cinit        002592
__pcstackCOMRAM                cstackCOMRAM 000001
__pdataBANK0                   dataBANK0    0000D5
__pdataBANK1                   dataBANK1    000100
__pdataCOMRAM                  dataCOMRAM   00005C
__pidataBANK0                  idataBANK0   002B34
__pidataBANK1                  idataBANK1   00261C
__pidataCOMRAM                 idataCOMRAM  002C86
__pintcode                     intcode      000008
__pintcode_body                intcode_body 00271E
__pmediumconst                 mediumconst  002E94
__ptext0                       text0        001FB2
__ptext1                       text1        001468
__ptext10                      text10       00293A
__ptext11                      text11       002B9A
__ptext12                      text12       002A84
__ptext13                      text13       002B7A
__ptext14                      text14       001A24
__ptext15                      text15       0028DC
__ptext16                      text16       002BFC
__ptext17                      text17       002C24
__ptext18                      text18       001746
__ptext19                      text19       0026A4
__ptext2                       text2        000012
__ptext20                      text20       0020E2
__ptext21                      text21       00095A
__ptext22                      text22       002982
__ptext23                      text23       0024FE
__ptext24                      text24       002ABA
__ptext25                      text25       001DFE
__ptext26                      text26       002878
__ptext27                      text27       002798
__ptext28                      text28       0021EA
__ptext29                      text29       0010CE
__ptext3                       text3        0023B4
__ptext30                      text30       002464
__ptext31                      text31       000D32
__ptext32                      text32       001C40
__ptext33                      text33       0029C8
__ptext34                      text34       002A0A
__ptext35                      text35       002AE4
__ptext36                      text36       002C48
__ptext37                      text37       002C60
__ptext38                      text38       002C68
__ptext39                      text39       002C70
__ptext4                       text4        0022F0
__ptext40                      text40       002C54
__ptext41                      text41       002C78
__ptext42                      text42       002C36
__ptext43                      text43       002C80
__ptext44                      text44       002B0E
__ptext45                      text45       002BB8
__ptext46                      text46       00280C
__ptext47                      text47       002A4A
__ptext5                       text5        0004E6
__ptext6                       text6        002B58
__ptext7                       text7        002BD0
__ptext8                       text8        002C12
__ptext9                       text9        002BE6
__ramtop                       ramtop       000600
__smallconst                   smallconst   000000
_add                           bssBANK0     0000A5
_address                       bssCOMRAM    000043
_arr@common$F329               bssBANK0     000070
_blink_f                       bssBANK0     0000A9
_ch                            bssBANK0     0000BD
_chance@common$F324            dataBANK0    0000E3
_change_Time                   dataBANK0    0000F0
_change_password               text31       000D32
_clcd_print                    text46       00280C
_clcd_putch                    text45       002BB8
_clcd_write                    text47       002A4A
_clear_log                     text30       002464
_clock_reg                     bssBANK0     000094
_clock_set                     bssBANK0     000090
_count@common$F325             bssBANK0     0000B1
_delay                         bssCOMRAM    000039
_diplay                        dataBANK1    000100
_display_dashboard             text21       00095A
_display_menu                  text18       001746
_download_log                  text14       001A24
_dummy                         bssBANK0     000060
_f                             bssCOMRAM    000047
_flag                          dataBANK0    0000EF
_g_index                       bssCOMRAM    00004B
_gear                          dataBANK1    000164
_get_time                      text23       0024FE
_hour                          bssCOMRAM    000054
_i2c_idle                      text42       002C36
_i2c_no_ack                    text43       002C80
_i2c_read                      text40       002C54
_i2c_rep_start                 text39       002C70
_i2c_rx_mode                   text41       002C78
_i2c_start                     text38       002C68
_i2c_stop                      text37       002C60
_i2c_write                     text36       002C48
_index@common$F326             bssCOMRAM    000049
_init_adc                      text13       002B7A
_init_clcd                     text12       002A84
_init_config                   text6        002B58
_init_ds1307                   text10       00293A
_init_i2c                      text9        002BE6
_init_matrix_keypad            text8        002C12
_init_timer0                   text7        002BD0
_init_uart                     text17       002C24
_isr                           intcode      000008
_key                           bssCOMRAM    000059
_main                          text0        001FB2
_min                           bssCOMRAM    000055
_no_of_event                   bssCOMRAM    00005A
_once@common$F327              dataBANK0    0000E1
_option_save                   bssBANK0     0000BF
_over_write                    text33       0029C8
_pass@common$F330              bssBANK0     000068
_password                      bssBANK0     0000A7
_password_screen               text5        0004E6
_pk                            bssBANK0     0000AF
_print                         bssBANK0     0000C0
_putch                         text16       002BFC
_puts                          text15       0028DC
_read_adc                      text22       002982
_read_ds1307                   text24       002ABA
_read_external_eeprom          text35       002AE4
_read_switches                 text19       0026A4
_scan_key                      text20       0020E2
_sec                           dataCOMRAM   00005C
_second                        bssCOMRAM    000053
_set_time                      text2        000012
_speed                         bssCOMRAM    00004D
_store_add                     bssCOMRAM    000045
_store_event_in_eeprom         text32       001C40
_time                          bssBANK0     0000CC
_view_log                      text1        001468
_wait                          bssBANK0     0000BB
_write_ds1307                  text11       002B9A
_write_eeprom                  dataBANK0    0000ED
_write_external_eeprom         text34       002A0A
btemp                          temp         00005E
change_password@y              cstackCOMRAM 000020
change_password@y_412          cstackCOMRAM 000024
clcd_print@addr                cstackCOMRAM 000009
clcd_print@data                cstackCOMRAM 000007
clcd_putch@addr                cstackCOMRAM 000008
clcd_putch@data                cstackCOMRAM 000009
clcd_write@byte                cstackCOMRAM 000002
clcd_write@control_bit         cstackCOMRAM 000001
clear_log@y                    cstackCOMRAM 00001C
download_log@i                 cstackCOMRAM 000013
download_log@y                 cstackCOMRAM 00000B
download_log@y_378             cstackCOMRAM 00000F
end_of_initialization          cinit        00260E
i2c_write@data                 cstackCOMRAM 000001
init_ds1307@dummy              cstackCOMRAM 00000B
int$flags                      temp         00005E
int_func                       intcode_body 00271E
intlevel0                      text         000000
intlevel1                      text         000000
intlevel2                      text         000000
intlevel3                      text         000000
isa$std                        (abs)        000001
isa$xinst                      (abs)        000000
isr@count                      bssBANK0     00009F
over_write@ch                  cstackCOMRAM 00000D
over_write@i                   cstackCOMRAM 00000B
over_write@j                   cstackCOMRAM 00000E
password_screen@y              cstackCOMRAM 00000E
password_screen@y_353          cstackCOMRAM 000012
putch@byte                     cstackCOMRAM 000001
puts@s                         cstackCOMRAM 000002
read_adc@channel               cstackCOMRAM 000007
read_adc@reg_val               cstackCOMRAM 000005
read_ds1307@address            cstackCOMRAM 000002
read_ds1307@data               cstackCOMRAM 000003
read_external_eeprom@address   cstackCOMRAM 000002
read_external_eeprom@data      cstackCOMRAM 000003
read_switches@detection_type   cstackCOMRAM 000001
read_switches@key              bssCOMRAM    000058
read_switches@once             dataBANK0    0000EE
set_time@key                   cstackCOMRAM 000022
set_time@y                     cstackCOMRAM 00001E
stackhi                        (abs)        000000
stacklo                        (abs)        000000
start                          init         00000E
start_initialization           cinit        002592
store_event_in_eeprom@i        cstackCOMRAM 000012
store_event_in_eeprom@i_428    cstackCOMRAM 000014
store_event_in_eeprom@i_429    cstackCOMRAM 000016
store_event_in_eeprom@i_430    cstackCOMRAM 000018
store_event_in_eeprom@i_431    cstackCOMRAM 00001A
ttemp5                         temp         00005F
ttemp6                         temp         000062
ttemp7                         temp         000066
write_ds1307@address           cstackCOMRAM 00000A
write_ds1307@data              cstackCOMRAM 000009
write_external_eeprom@address  cstackCOMRAM 00000A
write_external_eeprom@data     cstackCOMRAM 000007
write_external_eeprom@i        cstackCOMRAM 000008
wtemp8                         temp         00005F


MODULE INFORMATION

Module		Function		Class		Link	Load	Size
C:\Program Files\Microchip\xc8\v2.45\pic\sources\c99\common\Umul16.c
		___wmul        		CODE           	2B0E	0000	38

C:\Program Files\Microchip\xc8\v2.45\pic\sources\c99\common\Umul16.c estimated size: 38

matrix_keypad.c
		_init_matrix_keypad		CODE           	2C12	0000	18
		_read_switches 		CODE           	26A4	0000	122
		_scan_key      		CODE           	20E2	0000	264

matrix_keypad.c estimated size: 404

uart.c
		_putch         		CODE           	2BFC	0000	22
		_init_uart     		CODE           	2C24	0000	18
		_puts          		CODE           	28DC	0000	94

uart.c estimated size: 134

i2c.c
		_i2c_start     		CODE           	2C68	0000	8
		_i2c_no_ack    		CODE           	2C80	0000	6
		_i2c_rep_start 		CODE           	2C70	0000	8
		_i2c_idle      		CODE           	2C36	0000	18
		_i2c_write     		CODE           	2C48	0000	12
		_i2c_stop      		CODE           	2C60	0000	8
		_i2c_read      		CODE           	2C54	0000	12
		_init_i2c      		CODE           	2BE6	0000	22
		_i2c_rx_mode   		CODE           	2C78	0000	8

i2c.c estimated size: 102

timer0.c
		_init_timer0   		CODE           	2BD0	0000	22

timer0.c estimated size: 22

ds1307.c
		_read_ds1307   		CODE           	2ABA	0000	42
		_write_ds1307  		CODE           	2B9A	0000	30
		_get_time      		CODE           	24FE	0000	148
		_write_external_eeprom		CODE           	2A0A	0000	64
		_read_external_eeprom		CODE           	2AE4	0000	42
		_init_ds1307   		CODE           	293A	0000	72

ds1307.c estimated size: 398

adc.c
		_init_adc      		CODE           	2B7A	0000	32
		_read_adc      		CODE           	2982	0000	70

adc.c estimated size: 102

C:\Program Files\Microchip\xc8\v2.45\pic\sources\c99\common\sprcdiv.c
		___fldiv       		CODE           	10CE	0000	922

C:\Program Files\Microchip\xc8\v2.45\pic\sources\c99\common\sprcdiv.c estimated size: 922

C:\Program Files\Microchip\xc8\v2.45\pic\sources\c99\common\lwmod.c
		___lwmod       		CODE           	2878	0000	100

C:\Program Files\Microchip\xc8\v2.45\pic\sources\c99\common\lwmod.c estimated size: 100

C:\Program Files\Microchip\xc8\v2.45\pic\sources\c99\common\awmod.c
		___awmod       		CODE           	23B4	0000	176

C:\Program Files\Microchip\xc8\v2.45\pic\sources\c99\common\awmod.c estimated size: 176

isr.c
		_isr           		CODE           	0008	0000	128

isr.c estimated size: 128

shared
		__initialization		CODE           	2592	0000	124

shared estimated size: 124

C:\Program Files\Microchip\xc8\v2.45\pic\sources\c99\common\xxtofl.c
		___xxtofl      		CODE           	1DFE	0000	436

C:\Program Files\Microchip\xc8\v2.45\pic\sources\c99\common\xxtofl.c estimated size: 436

clcd.c
		_clcd_write    		CODE           	2A4A	0000	58
		_clcd_print    		CODE           	280C	0000	108
		_clcd_putch    		CODE           	2BB8	0000	24
		_init_clcd     		CODE           	2A84	0000	54

clcd.c estimated size: 244

common.c
		_view_log      		CODE           	1468	0000	734
		_display_menu  		CODE           	1746	0000	734
		_change_password		CODE           	0D32	0000	924
		_display_dashboard		CODE           	095A	0000	984
		_over_write    		CODE           	29C8	0000	66
		_download_log  		CODE           	1A24	0000	540
		_store_event_in_eeprom		CODE           	1C40	0000	446
		_set_time      		CODE           	0012	0000	1236
		_clear_log     		CODE           	2464	0000	154
		_password_screen		CODE           	04E6	0000	1140

common.c estimated size: 6958

main.c
		_main          		CODE           	1FB2	0000	304
		_init_config   		CODE           	2B58	0000	34

main.c estimated size: 338

C:\Program Files\Microchip\xc8\v2.45\pic\sources\c99\common\lwdiv.c
		___lwdiv       		CODE           	2798	0000	116

C:\Program Files\Microchip\xc8\v2.45\pic\sources\c99\common\lwdiv.c estimated size: 116

C:\Program Files\Microchip\xc8\v2.45\pic\sources\c99\common\awdiv.c
		___awdiv       		CODE           	22F0	0000	196

C:\Program Files\Microchip\xc8\v2.45\pic\sources\c99\common\awdiv.c estimated size: 196

C:\Program Files\Microchip\xc8\v2.45\pic\sources\c99\common\fltol.c
		___fltol       		CODE           	21EA	0000	262

C:\Program Files\Microchip\xc8\v2.45\pic\sources\c99\common\fltol.c estimated size: 262

